2025-08-08 00:47:21 - INFO [restartedMain] c.e.U.UtownApplication : Starting UtownApplication using Java 23.0.1 with PID 64062 (/Users/walera.tenlist.ru/Desktop/Final/target/classes started by walera.tenlist.ru in /Users/walera.tenlist.ru/Desktop/Final)
2025-08-08 00:47:21 - DEBUG [restartedMain] c.e.U.UtownApplication : Running with Spring Boot v3.5.0, Spring v6.2.7
2025-08-08 00:47:21 - INFO [restartedMain] c.e.U.UtownApplication : The following 1 profile is active: "local"
2025-08-08 00:47:21 - INFO [restartedMain] o.s.b.d.e.DevToolsPropertyDefaultsPostProcessor : Devtools property defaults active! Set 'spring.devtools.add-properties' to 'false' to disable
2025-08-08 00:47:21 - INFO [restartedMain] o.s.b.d.e.DevToolsPropertyDefaultsPostProcessor : For additional web related logging consider setting the 'logging.level.web' property to 'DEBUG'
2025-08-08 00:47:22 - INFO [restartedMain] o.s.d.r.c.RepositoryConfigurationDelegate : Bootstrapping Spring Data JPA repositories in DEFAULT mode.
2025-08-08 00:47:22 - INFO [restartedMain] o.s.d.r.c.RepositoryConfigurationDelegate : Finished Spring Data repository scanning in 50 ms. Found 20 JPA repository interfaces.
2025-08-08 00:47:22 - INFO [restartedMain] o.s.b.w.e.t.TomcatWebServer : Tomcat initialized with port 8080 (http)
2025-08-08 00:47:22 - INFO [restartedMain] o.a.c.c.StandardService : Starting service [Tomcat]
2025-08-08 00:47:22 - INFO [restartedMain] o.a.c.c.StandardEngine : Starting Servlet engine: [Apache Tomcat/10.1.41]
2025-08-08 00:47:22 - INFO [restartedMain] o.a.c.c.C.[.[.[/] : Initializing Spring embedded WebApplicationContext
2025-08-08 00:47:22 - INFO [restartedMain] o.s.b.w.s.c.ServletWebServerApplicationContext : Root WebApplicationContext: initialization completed in 1008 ms
2025-08-08 00:47:22 - INFO [restartedMain] c.z.h.HikariDataSource : HikariPool-1 - Starting...
2025-08-08 00:47:23 - INFO [restartedMain] c.z.h.p.HikariPool : HikariPool-1 - Added connection com.mysql.cj.jdbc.ConnectionImpl@a39733e
2025-08-08 00:47:23 - INFO [restartedMain] c.z.h.HikariDataSource : HikariPool-1 - Start completed.
2025-08-08 00:47:23 - INFO [restartedMain] o.f.c.FlywayExecutor : Database: jdbc:mysql://localhost:3306/Utown (MySQL 9.2)
2025-08-08 00:47:23 - WARN [restartedMain] o.f.c.i.d.b.Database : Flyway upgrade recommended: MySQL 9.2 is newer than this version of Flyway and support has not been tested. The latest supported version of MySQL is 8.1.
2025-08-08 00:47:23 - ERROR [restartedMain] o.s.b.w.e.t.TomcatStarter : Error starting Tomcat context. Exception: org.springframework.beans.factory.UnsatisfiedDependencyException. Message: Error creating bean with name 'JWTAuthenticationFilter' defined in file [/Users/walera.tenlist.ru/Desktop/Final/target/classes/com/example/Utown/config/JWTAuthenticationFilter.class]: Unsatisfied dependency expressed through constructor parameter 1: Error creating bean with name 'customUserDetailService' defined in file [/Users/walera.tenlist.ru/Desktop/Final/target/classes/com/example/Utown/config/CustomUserDetailService.class]: Unsatisfied dependency expressed through constructor parameter 0: Error creating bean with name 'userRepository' defined in com.example.Utown.repository.UserRepository defined in @EnableJpaRepositories declared on JpaRepositoriesRegistrar.EnableJpaRepositoriesConfiguration: Cannot resolve reference to bean 'jpaSharedEM_entityManagerFactory' while setting bean property 'entityManager'
2025-08-08 00:47:23 - INFO [restartedMain] o.a.c.c.StandardService : Stopping service [Tomcat]
2025-08-08 00:47:23 - WARN [restartedMain] o.a.c.l.WebappClassLoaderBase : The web application [ROOT] appears to have started a thread named [HikariPool-1:housekeeper] but has failed to stop it. This is very likely to create a memory leak. Stack trace of thread:
 java.base/jdk.internal.misc.Unsafe.park(Native Method)
 java.base/java.util.concurrent.locks.LockSupport.parkNanos(LockSupport.java:269)
 java.base/java.util.concurrent.locks.AbstractQueuedSynchronizer$ConditionObject.awaitNanos(AbstractQueuedSynchronizer.java:1763)
 java.base/java.util.concurrent.ScheduledThreadPoolExecutor$DelayedWorkQueue.take(ScheduledThreadPoolExecutor.java:1182)
 java.base/java.util.concurrent.ScheduledThreadPoolExecutor$DelayedWorkQueue.take(ScheduledThreadPoolExecutor.java:899)
 java.base/java.util.concurrent.ThreadPoolExecutor.getTask(ThreadPoolExecutor.java:1070)
 java.base/java.util.concurrent.ThreadPoolExecutor.runWorker(ThreadPoolExecutor.java:1130)
 java.base/java.util.concurrent.ThreadPoolExecutor$Worker.run(ThreadPoolExecutor.java:642)
 java.base/java.lang.Thread.run(Thread.java:1575)
2025-08-08 00:47:23 - WARN [restartedMain] o.a.c.l.WebappClassLoaderBase : The web application [ROOT] appears to have started a thread named [HikariPool-1:connection-adder] but has failed to stop it. This is very likely to create a memory leak. Stack trace of thread:
 java.base/java.lang.Thread.sleepNanos0(Native Method)
 java.base/java.lang.Thread.sleepNanos(Thread.java:496)
 java.base/java.lang.Thread.sleep(Thread.java:527)
 com.zaxxer.hikari.util.UtilityElf.quietlySleep(UtilityElf.java:61)
 com.zaxxer.hikari.pool.HikariPool$PoolEntryCreator.call(HikariPool.java:752)
 com.zaxxer.hikari.pool.HikariPool$PoolEntryCreator.call(HikariPool.java:726)
 java.base/java.util.concurrent.FutureTask.run(FutureTask.java:317)
 java.base/java.util.concurrent.ThreadPoolExecutor.runWorker(ThreadPoolExecutor.java:1144)
 java.base/java.util.concurrent.ThreadPoolExecutor$Worker.run(ThreadPoolExecutor.java:642)
 java.base/java.lang.Thread.run(Thread.java:1575)
2025-08-08 00:47:23 - WARN [restartedMain] o.s.b.w.s.c.AnnotationConfigServletWebServerApplicationContext : Exception encountered during context initialization - cancelling refresh attempt: org.springframework.context.ApplicationContextException: Unable to start web server
2025-08-08 00:47:23 - INFO [restartedMain] c.z.h.HikariDataSource : HikariPool-1 - Shutdown initiated...
2025-08-08 00:47:23 - INFO [restartedMain] c.z.h.HikariDataSource : HikariPool-1 - Shutdown completed.
2025-08-08 00:47:23 - INFO [restartedMain] o.s.b.a.l.ConditionEvaluationReportLogger : 

Error starting ApplicationContext. To display the condition evaluation report re-run your application with 'debug' enabled.
2025-08-08 00:47:23 - ERROR [restartedMain] o.s.b.SpringApplication : Application run failed
org.springframework.context.ApplicationContextException: Unable to start web server
	at org.springframework.boot.web.servlet.context.ServletWebServerApplicationContext.onRefresh(ServletWebServerApplicationContext.java:170)
	at org.springframework.context.support.AbstractApplicationContext.refresh(AbstractApplicationContext.java:621)
	at org.springframework.boot.web.servlet.context.ServletWebServerApplicationContext.refresh(ServletWebServerApplicationContext.java:146)
	at org.springframework.boot.SpringApplication.refresh(SpringApplication.java:753)
	at org.springframework.boot.SpringApplication.refreshContext(SpringApplication.java:439)
	at org.springframework.boot.SpringApplication.run(SpringApplication.java:318)
	at org.springframework.boot.SpringApplication.run(SpringApplication.java:1362)
	at org.springframework.boot.SpringApplication.run(SpringApplication.java:1351)
	at com.example.Utown.UtownApplication.main(UtownApplication.java:17)
	at java.base/jdk.internal.reflect.DirectMethodHandleAccessor.invoke(DirectMethodHandleAccessor.java:103)
	at java.base/java.lang.reflect.Method.invoke(Method.java:580)
	at org.springframework.boot.devtools.restart.RestartLauncher.run(RestartLauncher.java:50)
Caused by: org.springframework.boot.web.server.WebServerException: Unable to start embedded Tomcat
	at org.springframework.boot.web.embedded.tomcat.TomcatWebServer.initialize(TomcatWebServer.java:147)
	at org.springframework.boot.web.embedded.tomcat.TomcatWebServer.<init>(TomcatWebServer.java:107)
	at org.springframework.boot.web.embedded.tomcat.TomcatServletWebServerFactory.getTomcatWebServer(TomcatServletWebServerFactory.java:517)
	at org.springframework.boot.web.embedded.tomcat.TomcatServletWebServerFactory.getWebServer(TomcatServletWebServerFactory.java:219)
	at org.springframework.boot.web.servlet.context.ServletWebServerApplicationContext.createWebServer(ServletWebServerApplicationContext.java:193)
	at org.springframework.boot.web.servlet.context.ServletWebServerApplicationContext.onRefresh(ServletWebServerApplicationContext.java:167)
	... 11 common frames omitted
Caused by: org.springframework.beans.factory.UnsatisfiedDependencyException: Error creating bean with name 'JWTAuthenticationFilter' defined in file [/Users/walera.tenlist.ru/Desktop/Final/target/classes/com/example/Utown/config/JWTAuthenticationFilter.class]: Unsatisfied dependency expressed through constructor parameter 1: Error creating bean with name 'customUserDetailService' defined in file [/Users/walera.tenlist.ru/Desktop/Final/target/classes/com/example/Utown/config/CustomUserDetailService.class]: Unsatisfied dependency expressed through constructor parameter 0: Error creating bean with name 'userRepository' defined in com.example.Utown.repository.UserRepository defined in @EnableJpaRepositories declared on JpaRepositoriesRegistrar.EnableJpaRepositoriesConfiguration: Cannot resolve reference to bean 'jpaSharedEM_entityManagerFactory' while setting bean property 'entityManager'
	at org.springframework.beans.factory.support.ConstructorResolver.createArgumentArray(ConstructorResolver.java:804)
	at org.springframework.beans.factory.support.ConstructorResolver.autowireConstructor(ConstructorResolver.java:240)
	at org.springframework.beans.factory.support.AbstractAutowireCapableBeanFactory.autowireConstructor(AbstractAutowireCapableBeanFactory.java:1395)
	at org.springframework.beans.factory.support.AbstractAutowireCapableBeanFactory.createBeanInstance(AbstractAutowireCapableBeanFactory.java:1232)
	at org.springframework.beans.factory.support.AbstractAutowireCapableBeanFactory.doCreateBean(AbstractAutowireCapableBeanFactory.java:569)
	at org.springframework.beans.factory.support.AbstractAutowireCapableBeanFactory.createBean(AbstractAutowireCapableBeanFactory.java:529)
	at org.springframework.beans.factory.support.AbstractBeanFactory.lambda$doGetBean$0(AbstractBeanFactory.java:339)
	at org.springframework.beans.factory.support.DefaultSingletonBeanRegistry.getSingleton(DefaultSingletonBeanRegistry.java:373)
	at org.springframework.beans.factory.support.AbstractBeanFactory.doGetBean(AbstractBeanFactory.java:337)
	at org.springframework.beans.factory.support.AbstractBeanFactory.getBean(AbstractBeanFactory.java:207)
	at org.springframework.boot.web.servlet.ServletContextInitializerBeans.getOrderedBeansOfType(ServletContextInitializerBeans.java:230)
	at org.springframework.boot.web.servlet.ServletContextInitializerBeans.addAsRegistrationBean(ServletContextInitializerBeans.java:184)
	at org.springframework.boot.web.servlet.ServletContextInitializerBeans.addAsRegistrationBean(ServletContextInitializerBeans.java:179)
	at org.springframework.boot.web.servlet.ServletContextInitializerBeans.addAdaptableBeans(ServletContextInitializerBeans.java:164)
	at org.springframework.boot.web.servlet.ServletContextInitializerBeans.<init>(ServletContextInitializerBeans.java:96)
	at org.springframework.boot.web.servlet.context.ServletWebServerApplicationContext.getServletContextInitializerBeans(ServletWebServerApplicationContext.java:271)
	at org.springframework.boot.web.servlet.context.ServletWebServerApplicationContext.selfInitialize(ServletWebServerApplicationContext.java:245)
	at org.springframework.boot.web.embedded.tomcat.TomcatStarter.onStartup(TomcatStarter.java:52)
	at org.apache.catalina.core.StandardContext.startInternal(StandardContext.java:4464)
	at org.apache.catalina.util.LifecycleBase.start(LifecycleBase.java:164)
	at org.apache.catalina.core.ContainerBase$StartChild.call(ContainerBase.java:1203)
	at org.apache.catalina.core.ContainerBase$StartChild.call(ContainerBase.java:1193)
	at java.base/java.util.concurrent.FutureTask.run(FutureTask.java:317)
	at org.apache.tomcat.util.threads.InlineExecutorService.execute(InlineExecutorService.java:75)
	at java.base/java.util.concurrent.AbstractExecutorService.submit(AbstractExecutorService.java:148)
	at org.apache.catalina.core.ContainerBase.startInternal(ContainerBase.java:749)
	at org.apache.catalina.core.StandardHost.startInternal(StandardHost.java:772)
	at org.apache.catalina.util.LifecycleBase.start(LifecycleBase.java:164)
	at org.apache.catalina.core.ContainerBase$StartChild.call(ContainerBase.java:1203)
	at org.apache.catalina.core.ContainerBase$StartChild.call(ContainerBase.java:1193)
	at java.base/java.util.concurrent.FutureTask.run(FutureTask.java:317)
	at org.apache.tomcat.util.threads.InlineExecutorService.execute(InlineExecutorService.java:75)
	at java.base/java.util.concurrent.AbstractExecutorService.submit(AbstractExecutorService.java:148)
	at org.apache.catalina.core.ContainerBase.startInternal(ContainerBase.java:749)
	at org.apache.catalina.core.StandardEngine.startInternal(StandardEngine.java:203)
	at org.apache.catalina.util.LifecycleBase.start(LifecycleBase.java:164)
	at org.apache.catalina.core.StandardService.startInternal(StandardService.java:412)
	at org.apache.catalina.util.LifecycleBase.start(LifecycleBase.java:164)
	at org.apache.catalina.core.StandardServer.startInternal(StandardServer.java:870)
	at org.apache.catalina.util.LifecycleBase.start(LifecycleBase.java:164)
	at org.apache.catalina.startup.Tomcat.start(Tomcat.java:438)
	at org.springframework.boot.web.embedded.tomcat.TomcatWebServer.initialize(TomcatWebServer.java:128)
	... 16 common frames omitted
Caused by: org.springframework.beans.factory.UnsatisfiedDependencyException: Error creating bean with name 'customUserDetailService' defined in file [/Users/walera.tenlist.ru/Desktop/Final/target/classes/com/example/Utown/config/CustomUserDetailService.class]: Unsatisfied dependency expressed through constructor parameter 0: Error creating bean with name 'userRepository' defined in com.example.Utown.repository.UserRepository defined in @EnableJpaRepositories declared on JpaRepositoriesRegistrar.EnableJpaRepositoriesConfiguration: Cannot resolve reference to bean 'jpaSharedEM_entityManagerFactory' while setting bean property 'entityManager'
	at org.springframework.beans.factory.support.ConstructorResolver.createArgumentArray(ConstructorResolver.java:804)
	at org.springframework.beans.factory.support.ConstructorResolver.autowireConstructor(ConstructorResolver.java:240)
	at org.springframework.beans.factory.support.AbstractAutowireCapableBeanFactory.autowireConstructor(AbstractAutowireCapableBeanFactory.java:1395)
	at org.springframework.beans.factory.support.AbstractAutowireCapableBeanFactory.createBeanInstance(AbstractAutowireCapableBeanFactory.java:1232)
	at org.springframework.beans.factory.support.AbstractAutowireCapableBeanFactory.doCreateBean(AbstractAutowireCapableBeanFactory.java:569)
	at org.springframework.beans.factory.support.AbstractAutowireCapableBeanFactory.createBean(AbstractAutowireCapableBeanFactory.java:529)
	at org.springframework.beans.factory.support.AbstractBeanFactory.lambda$doGetBean$0(AbstractBeanFactory.java:339)
	at org.springframework.beans.factory.support.DefaultSingletonBeanRegistry.getSingleton(DefaultSingletonBeanRegistry.java:373)
	at org.springframework.beans.factory.support.AbstractBeanFactory.doGetBean(AbstractBeanFactory.java:337)
	at org.springframework.beans.factory.support.AbstractBeanFactory.getBean(AbstractBeanFactory.java:202)
	at org.springframework.beans.factory.config.DependencyDescriptor.resolveCandidate(DependencyDescriptor.java:254)
	at org.springframework.beans.factory.support.DefaultListableBeanFactory.doResolveDependency(DefaultListableBeanFactory.java:1740)
	at org.springframework.beans.factory.support.DefaultListableBeanFactory.resolveDependency(DefaultListableBeanFactory.java:1628)
	at org.springframework.beans.factory.support.ConstructorResolver.resolveAutowiredArgument(ConstructorResolver.java:913)
	at org.springframework.beans.factory.support.ConstructorResolver.createArgumentArray(ConstructorResolver.java:791)
	... 57 common frames omitted
Caused by: org.springframework.beans.factory.BeanCreationException: Error creating bean with name 'userRepository' defined in com.example.Utown.repository.UserRepository defined in @EnableJpaRepositories declared on JpaRepositoriesRegistrar.EnableJpaRepositoriesConfiguration: Cannot resolve reference to bean 'jpaSharedEM_entityManagerFactory' while setting bean property 'entityManager'
	at org.springframework.beans.factory.support.BeanDefinitionValueResolver.resolveReference(BeanDefinitionValueResolver.java:377)
	at org.springframework.beans.factory.support.BeanDefinitionValueResolver.resolveValueIfNecessary(BeanDefinitionValueResolver.java:135)
	at org.springframework.beans.factory.support.AbstractAutowireCapableBeanFactory.applyPropertyValues(AbstractAutowireCapableBeanFactory.java:1725)
	at org.springframework.beans.factory.support.AbstractAutowireCapableBeanFactory.populateBean(AbstractAutowireCapableBeanFactory.java:1474)
	at org.springframework.beans.factory.support.AbstractAutowireCapableBeanFactory.doCreateBean(AbstractAutowireCapableBeanFactory.java:606)
	at org.springframework.beans.factory.support.AbstractAutowireCapableBeanFactory.createBean(AbstractAutowireCapableBeanFactory.java:529)
	at org.springframework.beans.factory.support.AbstractBeanFactory.lambda$doGetBean$0(AbstractBeanFactory.java:339)
	at org.springframework.beans.factory.support.DefaultSingletonBeanRegistry.getSingleton(DefaultSingletonBeanRegistry.java:373)
	at org.springframework.beans.factory.support.AbstractBeanFactory.doGetBean(AbstractBeanFactory.java:337)
	at org.springframework.beans.factory.support.AbstractBeanFactory.getBean(AbstractBeanFactory.java:202)
	at org.springframework.beans.factory.support.DefaultListableBeanFactory.doResolveDependency(DefaultListableBeanFactory.java:1682)
	at org.springframework.beans.factory.support.DefaultListableBeanFactory.resolveDependency(DefaultListableBeanFactory.java:1628)
	at org.springframework.beans.factory.support.ConstructorResolver.resolveAutowiredArgument(ConstructorResolver.java:913)
	at org.springframework.beans.factory.support.ConstructorResolver.createArgumentArray(ConstructorResolver.java:791)
	... 71 common frames omitted
Caused by: org.springframework.beans.factory.BeanCreationException: Error creating bean with name 'jpaSharedEM_entityManagerFactory': Cannot resolve reference to bean 'entityManagerFactory' while setting constructor argument
	at org.springframework.beans.factory.support.BeanDefinitionValueResolver.resolveReference(BeanDefinitionValueResolver.java:377)
	at org.springframework.beans.factory.support.BeanDefinitionValueResolver.resolveValueIfNecessary(BeanDefinitionValueResolver.java:135)
	at org.springframework.beans.factory.support.ConstructorResolver.resolveConstructorArguments(ConstructorResolver.java:691)
	at org.springframework.beans.factory.support.ConstructorResolver.instantiateUsingFactoryMethod(ConstructorResolver.java:513)
	at org.springframework.beans.factory.support.AbstractAutowireCapableBeanFactory.instantiateUsingFactoryMethod(AbstractAutowireCapableBeanFactory.java:1375)
	at org.springframework.beans.factory.support.AbstractAutowireCapableBeanFactory.createBeanInstance(AbstractAutowireCapableBeanFactory.java:1205)
	at org.springframework.beans.factory.support.AbstractAutowireCapableBeanFactory.doCreateBean(AbstractAutowireCapableBeanFactory.java:569)
	at org.springframework.beans.factory.support.AbstractAutowireCapableBeanFactory.createBean(AbstractAutowireCapableBeanFactory.java:529)
	at org.springframework.beans.factory.support.AbstractBeanFactory.lambda$doGetBean$0(AbstractBeanFactory.java:339)
	at org.springframework.beans.factory.support.DefaultSingletonBeanRegistry.getSingleton(DefaultSingletonBeanRegistry.java:373)
	at org.springframework.beans.factory.support.AbstractBeanFactory.doGetBean(AbstractBeanFactory.java:337)
	at org.springframework.beans.factory.support.AbstractBeanFactory.getBean(AbstractBeanFactory.java:202)
	at org.springframework.beans.factory.support.BeanDefinitionValueResolver.resolveReference(BeanDefinitionValueResolver.java:365)
	... 84 common frames omitted
Caused by: org.springframework.beans.factory.BeanCreationException: Error creating bean with name 'flywayInitializer' defined in class path resource [org/springframework/boot/autoconfigure/flyway/FlywayAutoConfiguration$FlywayConfiguration.class]: Validate failed: Migrations have failed validation
Migration checksum mismatch for migration version 2
-> Applied to database : -1514844514
-> Resolved locally    : 2088084031
Either revert the changes to the migration, or run repair to update the schema history.
Need more flexibility with validation rules? Learn more: https://rd.gt/3AbJUZE
	at org.springframework.beans.factory.support.AbstractAutowireCapableBeanFactory.initializeBean(AbstractAutowireCapableBeanFactory.java:1826)
	at org.springframework.beans.factory.support.AbstractAutowireCapableBeanFactory.doCreateBean(AbstractAutowireCapableBeanFactory.java:607)
	at org.springframework.beans.factory.support.AbstractAutowireCapableBeanFactory.createBean(AbstractAutowireCapableBeanFactory.java:529)
	at org.springframework.beans.factory.support.AbstractBeanFactory.lambda$doGetBean$0(AbstractBeanFactory.java:339)
	at org.springframework.beans.factory.support.DefaultSingletonBeanRegistry.getSingleton(DefaultSingletonBeanRegistry.java:373)
	at org.springframework.beans.factory.support.AbstractBeanFactory.doGetBean(AbstractBeanFactory.java:337)
	at org.springframework.beans.factory.support.AbstractBeanFactory.getBean(AbstractBeanFactory.java:202)
	at org.springframework.beans.factory.support.AbstractBeanFactory.doGetBean(AbstractBeanFactory.java:315)
	at org.springframework.beans.factory.support.AbstractBeanFactory.getBean(AbstractBeanFactory.java:202)
	at org.springframework.beans.factory.support.BeanDefinitionValueResolver.resolveReference(BeanDefinitionValueResolver.java:365)
	... 96 common frames omitted
Caused by: org.flywaydb.core.api.exception.FlywayValidateException: Validate failed: Migrations have failed validation
Migration checksum mismatch for migration version 2
-> Applied to database : -1514844514
-> Resolved locally    : 2088084031
Either revert the changes to the migration, or run repair to update the schema history.
Need more flexibility with validation rules? Learn more: https://rd.gt/3AbJUZE
	at org.flywaydb.core.Flyway.lambda$migrate$1(Flyway.java:201)
	at org.flywaydb.core.FlywayExecutor.execute(FlywayExecutor.java:210)
	at org.flywaydb.core.Flyway.migrate(Flyway.java:188)
	at org.springframework.boot.autoconfigure.flyway.FlywayMigrationInitializer.afterPropertiesSet(FlywayMigrationInitializer.java:66)
	at org.springframework.beans.factory.support.AbstractAutowireCapableBeanFactory.invokeInitMethods(AbstractAutowireCapableBeanFactory.java:1873)
	at org.springframework.beans.factory.support.AbstractAutowireCapableBeanFactory.initializeBean(AbstractAutowireCapableBeanFactory.java:1822)
	... 105 common frames omitted
2025-08-08 00:47:33 - INFO [restartedMain] c.e.U.UtownApplication : Starting UtownApplication using Java 23.0.1 with PID 64100 (/Users/walera.tenlist.ru/Desktop/Final/target/classes started by walera.tenlist.ru in /Users/walera.tenlist.ru/Desktop/Final)
2025-08-08 00:47:33 - DEBUG [restartedMain] c.e.U.UtownApplication : Running with Spring Boot v3.5.0, Spring v6.2.7
2025-08-08 00:47:33 - INFO [restartedMain] c.e.U.UtownApplication : The following 1 profile is active: "local"
2025-08-08 00:47:33 - INFO [restartedMain] o.s.b.d.e.DevToolsPropertyDefaultsPostProcessor : Devtools property defaults active! Set 'spring.devtools.add-properties' to 'false' to disable
2025-08-08 00:47:33 - INFO [restartedMain] o.s.b.d.e.DevToolsPropertyDefaultsPostProcessor : For additional web related logging consider setting the 'logging.level.web' property to 'DEBUG'
2025-08-08 00:47:34 - INFO [restartedMain] o.s.d.r.c.RepositoryConfigurationDelegate : Bootstrapping Spring Data JPA repositories in DEFAULT mode.
2025-08-08 00:47:34 - INFO [restartedMain] o.s.d.r.c.RepositoryConfigurationDelegate : Finished Spring Data repository scanning in 46 ms. Found 20 JPA repository interfaces.
2025-08-08 00:47:35 - INFO [restartedMain] o.s.b.w.e.t.TomcatWebServer : Tomcat initialized with port 8080 (http)
2025-08-08 00:47:35 - INFO [restartedMain] o.a.c.c.StandardService : Starting service [Tomcat]
2025-08-08 00:47:35 - INFO [restartedMain] o.a.c.c.StandardEngine : Starting Servlet engine: [Apache Tomcat/10.1.41]
2025-08-08 00:47:35 - INFO [restartedMain] o.a.c.c.C.[.[.[/] : Initializing Spring embedded WebApplicationContext
2025-08-08 00:47:35 - INFO [restartedMain] o.s.b.w.s.c.ServletWebServerApplicationContext : Root WebApplicationContext: initialization completed in 1182 ms
2025-08-08 00:47:35 - INFO [restartedMain] c.z.h.HikariDataSource : HikariPool-1 - Starting...
2025-08-08 00:47:35 - INFO [restartedMain] c.z.h.p.HikariPool : HikariPool-1 - Added connection com.mysql.cj.jdbc.ConnectionImpl@59904149
2025-08-08 00:47:35 - INFO [restartedMain] c.z.h.HikariDataSource : HikariPool-1 - Start completed.
2025-08-08 00:47:35 - INFO [restartedMain] o.f.c.FlywayExecutor : Database: jdbc:mysql://localhost:3306/Utown (MySQL 9.2)
2025-08-08 00:47:35 - WARN [restartedMain] o.f.c.i.d.b.Database : Flyway upgrade recommended: MySQL 9.2 is newer than this version of Flyway and support has not been tested. The latest supported version of MySQL is 8.1.
2025-08-08 00:47:35 - INFO [restartedMain] o.f.c.i.c.DbValidate : Successfully validated 2 migrations (execution time 00:00.019s)
2025-08-08 00:47:35 - INFO [restartedMain] o.f.c.i.c.DbMigrate : Current version of schema `utown`: 2
2025-08-08 00:47:35 - INFO [restartedMain] o.f.c.i.c.DbMigrate : Schema `utown` is up to date. No migration necessary.
2025-08-08 00:47:35 - INFO [restartedMain] o.h.j.i.u.LogHelper : HHH000204: Processing PersistenceUnitInfo [name: default]
2025-08-08 00:47:35 - INFO [restartedMain] o.h.Version : HHH000412: Hibernate ORM core version 6.6.15.Final
2025-08-08 00:47:35 - INFO [restartedMain] o.h.c.i.RegionFactoryInitiator : HHH000026: Second-level cache disabled
2025-08-08 00:47:35 - INFO [restartedMain] o.s.o.j.p.SpringPersistenceUnitInfo : No LoadTimeWeaver setup: ignoring JPA class transformer
2025-08-08 00:47:35 - INFO [restartedMain] o.h.o.c.pooling : HHH10001005: Database info:
	Database JDBC URL [Connecting through datasource 'HikariDataSource (HikariPool-1)']
	Database driver: undefined/unknown
	Database version: 9.2
	Autocommit mode: undefined/unknown
	Isolation level: undefined/unknown
	Minimum pool size: undefined/unknown
	Maximum pool size: undefined/unknown
2025-08-08 00:47:36 - INFO [restartedMain] o.h.e.t.j.p.i.JtaPlatformInitiator : HHH000489: No JTA platform available (set 'hibernate.transaction.jta.platform' to enable JTA platform integration)
2025-08-08 00:47:36 - INFO [restartedMain] o.s.o.j.LocalContainerEntityManagerFactoryBean : Initialized JPA EntityManagerFactory for persistence unit 'default'
2025-08-08 00:47:36 - DEBUG [restartedMain] o.s.w.s.r.ResourceUrlEncodingFilter : Filter 'resourceUrlEncodingFilter' configured for use
2025-08-08 00:47:36 - DEBUG [restartedMain] c.e.U.c.JWTAuthenticationFilter : Filter 'JWTAuthenticationFilter' configured for use
2025-08-08 00:47:36 - INFO [restartedMain] o.s.d.j.r.q.QueryEnhancerFactory : Hibernate is in classpath; If applicable, HQL parser will be used.
2025-08-08 00:47:38 - INFO [restartedMain] o.s.s.c.a.a.c.InitializeAuthenticationProviderBeanManagerConfigurer$InitializeAuthenticationProviderManagerConfigurer : Global AuthenticationManager configured with AuthenticationProvider bean with name authenticationProvider
2025-08-08 00:47:38 - WARN [restartedMain] o.s.s.c.a.a.c.InitializeUserDetailsBeanManagerConfigurer$InitializeUserDetailsManagerConfigurer : Global AuthenticationManager configured with an AuthenticationProvider bean. UserDetailsService beans will not be used by Spring Security for automatically configuring username/password login. Consider removing the AuthenticationProvider bean. Alternatively, consider using the UserDetailsService in a manually instantiated DaoAuthenticationProvider. If the current configuration is intentional, to turn off this warning, increase the logging level of 'org.springframework.security.config.annotation.authentication.configuration.InitializeUserDetailsBeanManagerConfigurer' to ERROR
2025-08-08 00:47:38 - WARN [restartedMain] o.s.b.a.o.j.JpaBaseConfiguration$JpaWebConfiguration : spring.jpa.open-in-view is enabled by default. Therefore, database queries may be performed during view rendering. Explicitly configure spring.jpa.open-in-view to disable this warning
2025-08-08 00:47:38 - DEBUG [restartedMain] o.s.w.s.s.s.WebSocketHandlerMapping : Patterns [/chat, /chat/**] in 'stompWebSocketHandlerMapping'
2025-08-08 00:47:39 - DEBUG [restartedMain] o.s.w.s.m.m.a.RequestMappingHandlerMapping : 92 mappings in 'requestMappingHandlerMapping'
2025-08-08 00:47:39 - DEBUG [restartedMain] o.s.w.s.h.SimpleUrlHandlerMapping : Patterns [/webjars/**, /**, /swagger-ui*/*swagger-initializer.js, /swagger-ui*/**] in 'resourceHandlerMapping'
2025-08-08 00:47:39 - DEBUG [restartedMain] o.s.w.s.m.WebSocketAnnotationMethodMessageHandler : 
	c.e.U.c.FileController:
	
2025-08-08 00:47:39 - DEBUG [restartedMain] o.s.w.s.m.WebSocketAnnotationMethodMessageHandler : 
	c.e.U.c.u.AdminController:
	
2025-08-08 00:47:39 - DEBUG [restartedMain] o.s.w.s.m.WebSocketAnnotationMethodMessageHandler : 
	c.e.U.c.u.ClientController:
	
2025-08-08 00:47:39 - DEBUG [restartedMain] o.s.w.s.m.WebSocketAnnotationMethodMessageHandler : 
	c.e.U.c.u.MainController:
	
2025-08-08 00:47:39 - DEBUG [restartedMain] o.s.w.s.m.WebSocketAnnotationMethodMessageHandler : 
	c.e.U.c.u.RestaurantAdminController:
	
2025-08-08 00:47:39 - DEBUG [restartedMain] o.s.w.s.m.WebSocketAnnotationMethodMessageHandler : 
	o.s.b.a.w.s.e.BasicErrorController:
	
2025-08-08 00:47:39 - DEBUG [restartedMain] o.s.w.s.m.WebSocketAnnotationMethodMessageHandler : 
	o.s.w.a.OpenApiWebMvcResource:
	
2025-08-08 00:47:39 - DEBUG [restartedMain] o.s.w.s.m.WebSocketAnnotationMethodMessageHandler : 
	o.s.w.u.SwaggerWelcomeWebMvc:
	
2025-08-08 00:47:39 - DEBUG [restartedMain] o.s.w.s.m.WebSocketAnnotationMethodMessageHandler : 
	o.s.w.u.SwaggerConfigResource:
	
2025-08-08 00:47:39 - DEBUG [restartedMain] o.s.w.s.m.m.a.RequestMappingHandlerAdapter : ControllerAdvice beans: 0 @ModelAttribute, 0 @InitBinder, 1 RequestBodyAdvice, 1 ResponseBodyAdvice
2025-08-08 00:47:39 - WARN [restartedMain] o.s.b.a.t.ThymeleafAutoConfiguration$DefaultTemplateResolverConfiguration : Cannot find template location: classpath:/templates/ (please add some templates, check your Thymeleaf configuration, or set spring.thymeleaf.check-template-location=false)
2025-08-08 00:47:39 - DEBUG [restartedMain] o.s.w.s.m.m.a.ExceptionHandlerExceptionResolver : ControllerAdvice beans: 2 @ExceptionHandler, 1 ResponseBodyAdvice
2025-08-08 00:47:39 - INFO [restartedMain] o.s.b.d.a.OptionalLiveReloadServer : LiveReload server is running on port 35729
2025-08-08 00:47:39 - DEBUG [restartedMain] o.s.w.SimpLogging : clientInboundChannel added WebSocketAnnotationMethodMessageHandler[prefixes=[/app/]]
2025-08-08 00:47:39 - INFO [restartedMain] o.s.m.s.b.SimpleBrokerMessageHandler : Starting...
2025-08-08 00:47:39 - DEBUG [restartedMain] o.s.w.SimpLogging : clientInboundChannel added SimpleBrokerMessageHandler [org.springframework.messaging.simp.broker.DefaultSubscriptionRegistry@1487a081]
2025-08-08 00:47:39 - DEBUG [restartedMain] o.s.w.SimpLogging : brokerChannel added SimpleBrokerMessageHandler [org.springframework.messaging.simp.broker.DefaultSubscriptionRegistry@1487a081]
2025-08-08 00:47:39 - INFO [restartedMain] o.s.m.s.b.SimpleBrokerMessageHandler : BrokerAvailabilityEvent[available=true, SimpleBrokerMessageHandler [org.springframework.messaging.simp.broker.DefaultSubscriptionRegistry@1487a081]]
2025-08-08 00:47:39 - INFO [restartedMain] o.s.m.s.b.SimpleBrokerMessageHandler : Started.
2025-08-08 00:47:39 - DEBUG [restartedMain] o.s.w.SimpLogging : clientInboundChannel added UserDestinationMessageHandler[DefaultUserDestinationResolver[prefix=/user/]]
2025-08-08 00:47:39 - DEBUG [restartedMain] o.s.w.SimpLogging : brokerChannel added UserDestinationMessageHandler[DefaultUserDestinationResolver[prefix=/user/]]
2025-08-08 00:47:39 - INFO [restartedMain] o.s.b.w.e.t.TomcatWebServer : Tomcat started on port 8080 (http) with context path '/'
2025-08-08 00:47:39 - DEBUG [restartedMain] o.s.w.SimpLogging : clientOutboundChannel added SubProtocolWebSocketHandler[StompSubProtocolHandler[v10.stomp, v11.stomp, v12.stomp]]
2025-08-08 00:47:39 - INFO [restartedMain] c.e.U.UtownApplication : Started UtownApplication in 6.191 seconds (process running for 6.966)
2025-08-08 00:47:39 - DEBUG [restartedMain] o.h.SQL : select dc1_0.id,dc1_0.created_at,dc1_0.file_id,dc1_0.is_active,dc1_0.name,dc1_0.restaurant_id,dc1_0.sort,dc1_0.updated_at from dish_category dc1_0 where dc1_0.name=?
2025-08-08 00:48:05 - DEBUG [SpringApplicationShutdownHook] o.s.w.SimpLogging : clientOutboundChannel removed SubProtocolWebSocketHandler[StompSubProtocolHandler[v10.stomp, v11.stomp, v12.stomp]]
2025-08-08 00:48:05 - INFO [SpringApplicationShutdownHook] o.s.b.w.e.t.GracefulShutdown : Commencing graceful shutdown. Waiting for active requests to complete
2025-08-08 00:48:05 - INFO [tomcat-shutdown] o.s.b.w.e.t.GracefulShutdown : Graceful shutdown complete
2025-08-08 00:48:05 - DEBUG [SpringApplicationShutdownHook] o.s.w.SimpLogging : clientInboundChannel removed WebSocketAnnotationMethodMessageHandler[prefixes=[/app/]]
2025-08-08 00:48:05 - INFO [SpringApplicationShutdownHook] o.s.m.s.b.SimpleBrokerMessageHandler : Stopping...
2025-08-08 00:48:05 - INFO [SpringApplicationShutdownHook] o.s.m.s.b.SimpleBrokerMessageHandler : BrokerAvailabilityEvent[available=false, SimpleBrokerMessageHandler [org.springframework.messaging.simp.broker.DefaultSubscriptionRegistry@1487a081]]
2025-08-08 00:48:05 - DEBUG [SpringApplicationShutdownHook] o.s.w.SimpLogging : clientInboundChannel removed SimpleBrokerMessageHandler [org.springframework.messaging.simp.broker.DefaultSubscriptionRegistry@1487a081]
2025-08-08 00:48:05 - DEBUG [SpringApplicationShutdownHook] o.s.w.SimpLogging : brokerChannel removed SimpleBrokerMessageHandler [org.springframework.messaging.simp.broker.DefaultSubscriptionRegistry@1487a081]
2025-08-08 00:48:05 - INFO [SpringApplicationShutdownHook] o.s.m.s.b.SimpleBrokerMessageHandler : Stopped.
2025-08-08 00:48:05 - DEBUG [SpringApplicationShutdownHook] o.s.w.SimpLogging : clientInboundChannel removed UserDestinationMessageHandler[DefaultUserDestinationResolver[prefix=/user/]]
2025-08-08 00:48:05 - DEBUG [SpringApplicationShutdownHook] o.s.w.SimpLogging : brokerChannel removed UserDestinationMessageHandler[DefaultUserDestinationResolver[prefix=/user/]]
2025-08-08 00:48:05 - INFO [SpringApplicationShutdownHook] o.s.o.j.LocalContainerEntityManagerFactoryBean : Closing JPA EntityManagerFactory for persistence unit 'default'
2025-08-08 00:48:05 - INFO [SpringApplicationShutdownHook] c.z.h.HikariDataSource : HikariPool-1 - Shutdown initiated...
2025-08-08 00:48:05 - INFO [SpringApplicationShutdownHook] c.z.h.HikariDataSource : HikariPool-1 - Shutdown completed.
2025-08-08 00:48:07 - INFO [restartedMain] c.e.U.UtownApplication : Starting UtownApplication using Java 23.0.1 with PID 64127 (/Users/walera.tenlist.ru/Desktop/Final/target/classes started by walera.tenlist.ru in /Users/walera.tenlist.ru/Desktop/Final)
2025-08-08 00:48:07 - DEBUG [restartedMain] c.e.U.UtownApplication : Running with Spring Boot v3.5.0, Spring v6.2.7
2025-08-08 00:48:07 - INFO [restartedMain] c.e.U.UtownApplication : The following 1 profile is active: "local"
2025-08-08 00:48:07 - INFO [restartedMain] o.s.b.d.e.DevToolsPropertyDefaultsPostProcessor : Devtools property defaults active! Set 'spring.devtools.add-properties' to 'false' to disable
2025-08-08 00:48:07 - INFO [restartedMain] o.s.b.d.e.DevToolsPropertyDefaultsPostProcessor : For additional web related logging consider setting the 'logging.level.web' property to 'DEBUG'
2025-08-08 00:48:08 - INFO [restartedMain] o.s.d.r.c.RepositoryConfigurationDelegate : Bootstrapping Spring Data JPA repositories in DEFAULT mode.
2025-08-08 00:48:08 - INFO [restartedMain] o.s.d.r.c.RepositoryConfigurationDelegate : Finished Spring Data repository scanning in 47 ms. Found 20 JPA repository interfaces.
2025-08-08 00:48:08 - INFO [restartedMain] o.s.b.w.e.t.TomcatWebServer : Tomcat initialized with port 8080 (http)
2025-08-08 00:48:08 - INFO [restartedMain] o.a.c.c.StandardService : Starting service [Tomcat]
2025-08-08 00:48:08 - INFO [restartedMain] o.a.c.c.StandardEngine : Starting Servlet engine: [Apache Tomcat/10.1.41]
2025-08-08 00:48:08 - INFO [restartedMain] o.a.c.c.C.[.[.[/] : Initializing Spring embedded WebApplicationContext
2025-08-08 00:48:08 - INFO [restartedMain] o.s.b.w.s.c.ServletWebServerApplicationContext : Root WebApplicationContext: initialization completed in 897 ms
2025-08-08 00:48:08 - INFO [restartedMain] c.z.h.HikariDataSource : HikariPool-1 - Starting...
2025-08-08 00:48:09 - INFO [restartedMain] c.z.h.p.HikariPool : HikariPool-1 - Added connection com.mysql.cj.jdbc.ConnectionImpl@59fd3e40
2025-08-08 00:48:09 - INFO [restartedMain] c.z.h.HikariDataSource : HikariPool-1 - Start completed.
2025-08-08 00:48:09 - INFO [restartedMain] o.f.c.FlywayExecutor : Database: jdbc:mysql://localhost:3306/Utown (MySQL 9.2)
2025-08-08 00:48:09 - WARN [restartedMain] o.f.c.i.d.b.Database : Flyway upgrade recommended: MySQL 9.2 is newer than this version of Flyway and support has not been tested. The latest supported version of MySQL is 8.1.
2025-08-08 00:48:09 - INFO [restartedMain] o.f.c.i.c.DbValidate : Successfully validated 2 migrations (execution time 00:00.019s)
2025-08-08 00:48:09 - INFO [restartedMain] o.f.c.i.c.DbMigrate : Current version of schema `utown`: 2
2025-08-08 00:48:09 - INFO [restartedMain] o.f.c.i.c.DbMigrate : Schema `utown` is up to date. No migration necessary.
2025-08-08 00:48:09 - INFO [restartedMain] o.h.j.i.u.LogHelper : HHH000204: Processing PersistenceUnitInfo [name: default]
2025-08-08 00:48:09 - INFO [restartedMain] o.h.Version : HHH000412: Hibernate ORM core version 6.6.15.Final
2025-08-08 00:48:09 - INFO [restartedMain] o.h.c.i.RegionFactoryInitiator : HHH000026: Second-level cache disabled
2025-08-08 00:48:09 - INFO [restartedMain] o.s.o.j.p.SpringPersistenceUnitInfo : No LoadTimeWeaver setup: ignoring JPA class transformer
2025-08-08 00:48:09 - INFO [restartedMain] o.h.o.c.pooling : HHH10001005: Database info:
	Database JDBC URL [Connecting through datasource 'HikariDataSource (HikariPool-1)']
	Database driver: undefined/unknown
	Database version: 9.2
	Autocommit mode: undefined/unknown
	Isolation level: undefined/unknown
	Minimum pool size: undefined/unknown
	Maximum pool size: undefined/unknown
2025-08-08 00:48:10 - INFO [restartedMain] o.h.e.t.j.p.i.JtaPlatformInitiator : HHH000489: No JTA platform available (set 'hibernate.transaction.jta.platform' to enable JTA platform integration)
2025-08-08 00:48:10 - INFO [restartedMain] o.s.o.j.LocalContainerEntityManagerFactoryBean : Initialized JPA EntityManagerFactory for persistence unit 'default'
2025-08-08 00:48:10 - DEBUG [restartedMain] o.s.w.s.r.ResourceUrlEncodingFilter : Filter 'resourceUrlEncodingFilter' configured for use
2025-08-08 00:48:10 - DEBUG [restartedMain] c.e.U.c.JWTAuthenticationFilter : Filter 'JWTAuthenticationFilter' configured for use
2025-08-08 00:48:10 - INFO [restartedMain] o.s.d.j.r.q.QueryEnhancerFactory : Hibernate is in classpath; If applicable, HQL parser will be used.
2025-08-08 00:48:12 - INFO [restartedMain] o.s.s.c.a.a.c.InitializeAuthenticationProviderBeanManagerConfigurer$InitializeAuthenticationProviderManagerConfigurer : Global AuthenticationManager configured with AuthenticationProvider bean with name authenticationProvider
2025-08-08 00:48:12 - WARN [restartedMain] o.s.s.c.a.a.c.InitializeUserDetailsBeanManagerConfigurer$InitializeUserDetailsManagerConfigurer : Global AuthenticationManager configured with an AuthenticationProvider bean. UserDetailsService beans will not be used by Spring Security for automatically configuring username/password login. Consider removing the AuthenticationProvider bean. Alternatively, consider using the UserDetailsService in a manually instantiated DaoAuthenticationProvider. If the current configuration is intentional, to turn off this warning, increase the logging level of 'org.springframework.security.config.annotation.authentication.configuration.InitializeUserDetailsBeanManagerConfigurer' to ERROR
2025-08-08 00:48:12 - WARN [restartedMain] o.s.b.a.o.j.JpaBaseConfiguration$JpaWebConfiguration : spring.jpa.open-in-view is enabled by default. Therefore, database queries may be performed during view rendering. Explicitly configure spring.jpa.open-in-view to disable this warning
2025-08-08 00:48:12 - DEBUG [restartedMain] o.s.w.s.s.s.WebSocketHandlerMapping : Patterns [/chat, /chat/**] in 'stompWebSocketHandlerMapping'
2025-08-08 00:48:12 - DEBUG [restartedMain] o.s.w.s.m.m.a.RequestMappingHandlerMapping : 92 mappings in 'requestMappingHandlerMapping'
2025-08-08 00:48:12 - DEBUG [restartedMain] o.s.w.s.h.SimpleUrlHandlerMapping : Patterns [/webjars/**, /**, /swagger-ui*/*swagger-initializer.js, /swagger-ui*/**] in 'resourceHandlerMapping'
2025-08-08 00:48:12 - DEBUG [restartedMain] o.s.w.s.m.WebSocketAnnotationMethodMessageHandler : 
	c.e.U.c.FileController:
	
2025-08-08 00:48:12 - DEBUG [restartedMain] o.s.w.s.m.WebSocketAnnotationMethodMessageHandler : 
	c.e.U.c.u.AdminController:
	
2025-08-08 00:48:12 - DEBUG [restartedMain] o.s.w.s.m.WebSocketAnnotationMethodMessageHandler : 
	c.e.U.c.u.ClientController:
	
2025-08-08 00:48:12 - DEBUG [restartedMain] o.s.w.s.m.WebSocketAnnotationMethodMessageHandler : 
	c.e.U.c.u.MainController:
	
2025-08-08 00:48:12 - DEBUG [restartedMain] o.s.w.s.m.WebSocketAnnotationMethodMessageHandler : 
	c.e.U.c.u.RestaurantAdminController:
	
2025-08-08 00:48:12 - DEBUG [restartedMain] o.s.w.s.m.WebSocketAnnotationMethodMessageHandler : 
	o.s.b.a.w.s.e.BasicErrorController:
	
2025-08-08 00:48:12 - DEBUG [restartedMain] o.s.w.s.m.WebSocketAnnotationMethodMessageHandler : 
	o.s.w.a.OpenApiWebMvcResource:
	
2025-08-08 00:48:12 - DEBUG [restartedMain] o.s.w.s.m.WebSocketAnnotationMethodMessageHandler : 
	o.s.w.u.SwaggerWelcomeWebMvc:
	
2025-08-08 00:48:12 - DEBUG [restartedMain] o.s.w.s.m.WebSocketAnnotationMethodMessageHandler : 
	o.s.w.u.SwaggerConfigResource:
	
2025-08-08 00:48:12 - DEBUG [restartedMain] o.s.w.s.m.m.a.RequestMappingHandlerAdapter : ControllerAdvice beans: 0 @ModelAttribute, 0 @InitBinder, 1 RequestBodyAdvice, 1 ResponseBodyAdvice
2025-08-08 00:48:12 - WARN [restartedMain] o.s.b.a.t.ThymeleafAutoConfiguration$DefaultTemplateResolverConfiguration : Cannot find template location: classpath:/templates/ (please add some templates, check your Thymeleaf configuration, or set spring.thymeleaf.check-template-location=false)
2025-08-08 00:48:12 - DEBUG [restartedMain] o.s.w.s.m.m.a.ExceptionHandlerExceptionResolver : ControllerAdvice beans: 2 @ExceptionHandler, 1 ResponseBodyAdvice
2025-08-08 00:48:12 - INFO [restartedMain] o.s.b.d.a.OptionalLiveReloadServer : LiveReload server is running on port 35729
2025-08-08 00:48:12 - DEBUG [restartedMain] o.s.w.SimpLogging : clientInboundChannel added WebSocketAnnotationMethodMessageHandler[prefixes=[/app/]]
2025-08-08 00:48:12 - INFO [restartedMain] o.s.m.s.b.SimpleBrokerMessageHandler : Starting...
2025-08-08 00:48:12 - DEBUG [restartedMain] o.s.w.SimpLogging : clientInboundChannel added SimpleBrokerMessageHandler [org.springframework.messaging.simp.broker.DefaultSubscriptionRegistry@427e0a55]
2025-08-08 00:48:12 - DEBUG [restartedMain] o.s.w.SimpLogging : brokerChannel added SimpleBrokerMessageHandler [org.springframework.messaging.simp.broker.DefaultSubscriptionRegistry@427e0a55]
2025-08-08 00:48:12 - INFO [restartedMain] o.s.m.s.b.SimpleBrokerMessageHandler : BrokerAvailabilityEvent[available=true, SimpleBrokerMessageHandler [org.springframework.messaging.simp.broker.DefaultSubscriptionRegistry@427e0a55]]
2025-08-08 00:48:12 - INFO [restartedMain] o.s.m.s.b.SimpleBrokerMessageHandler : Started.
2025-08-08 00:48:12 - DEBUG [restartedMain] o.s.w.SimpLogging : clientInboundChannel added UserDestinationMessageHandler[DefaultUserDestinationResolver[prefix=/user/]]
2025-08-08 00:48:12 - DEBUG [restartedMain] o.s.w.SimpLogging : brokerChannel added UserDestinationMessageHandler[DefaultUserDestinationResolver[prefix=/user/]]
2025-08-08 00:48:12 - INFO [restartedMain] o.s.b.w.e.t.TomcatWebServer : Tomcat started on port 8080 (http) with context path '/'
2025-08-08 00:48:12 - DEBUG [restartedMain] o.s.w.SimpLogging : clientOutboundChannel added SubProtocolWebSocketHandler[StompSubProtocolHandler[v10.stomp, v11.stomp, v12.stomp]]
2025-08-08 00:48:12 - INFO [restartedMain] c.e.U.UtownApplication : Started UtownApplication in 5.196 seconds (process running for 5.933)
2025-08-08 00:48:12 - DEBUG [restartedMain] o.h.SQL : select dc1_0.id,dc1_0.created_at,dc1_0.file_id,dc1_0.is_active,dc1_0.name,dc1_0.restaurant_id,dc1_0.sort,dc1_0.updated_at from dish_category dc1_0 where dc1_0.name=?
2025-08-08 00:48:14 - DEBUG [SpringApplicationShutdownHook] o.s.w.SimpLogging : clientOutboundChannel removed SubProtocolWebSocketHandler[StompSubProtocolHandler[v10.stomp, v11.stomp, v12.stomp]]
2025-08-08 00:48:14 - INFO [SpringApplicationShutdownHook] o.s.b.w.e.t.GracefulShutdown : Commencing graceful shutdown. Waiting for active requests to complete
2025-08-08 00:48:14 - INFO [tomcat-shutdown] o.s.b.w.e.t.GracefulShutdown : Graceful shutdown complete
2025-08-08 00:48:14 - DEBUG [SpringApplicationShutdownHook] o.s.w.SimpLogging : clientInboundChannel removed WebSocketAnnotationMethodMessageHandler[prefixes=[/app/]]
2025-08-08 00:48:14 - INFO [SpringApplicationShutdownHook] o.s.m.s.b.SimpleBrokerMessageHandler : Stopping...
2025-08-08 00:48:14 - INFO [SpringApplicationShutdownHook] o.s.m.s.b.SimpleBrokerMessageHandler : BrokerAvailabilityEvent[available=false, SimpleBrokerMessageHandler [org.springframework.messaging.simp.broker.DefaultSubscriptionRegistry@427e0a55]]
2025-08-08 00:48:14 - DEBUG [SpringApplicationShutdownHook] o.s.w.SimpLogging : clientInboundChannel removed SimpleBrokerMessageHandler [org.springframework.messaging.simp.broker.DefaultSubscriptionRegistry@427e0a55]
2025-08-08 00:48:14 - DEBUG [SpringApplicationShutdownHook] o.s.w.SimpLogging : brokerChannel removed SimpleBrokerMessageHandler [org.springframework.messaging.simp.broker.DefaultSubscriptionRegistry@427e0a55]
2025-08-08 00:48:14 - INFO [SpringApplicationShutdownHook] o.s.m.s.b.SimpleBrokerMessageHandler : Stopped.
2025-08-08 00:48:14 - DEBUG [SpringApplicationShutdownHook] o.s.w.SimpLogging : clientInboundChannel removed UserDestinationMessageHandler[DefaultUserDestinationResolver[prefix=/user/]]
2025-08-08 00:48:14 - DEBUG [SpringApplicationShutdownHook] o.s.w.SimpLogging : brokerChannel removed UserDestinationMessageHandler[DefaultUserDestinationResolver[prefix=/user/]]
2025-08-08 00:48:14 - INFO [SpringApplicationShutdownHook] o.s.o.j.LocalContainerEntityManagerFactoryBean : Closing JPA EntityManagerFactory for persistence unit 'default'
2025-08-08 00:48:14 - INFO [SpringApplicationShutdownHook] c.z.h.HikariDataSource : HikariPool-1 - Shutdown initiated...
2025-08-08 00:48:14 - INFO [SpringApplicationShutdownHook] c.z.h.HikariDataSource : HikariPool-1 - Shutdown completed.
2025-08-08 00:58:41 - INFO [restartedMain] c.e.U.UtownApplication : Starting UtownApplication using Java 23.0.1 with PID 64288 (/Users/walera.tenlist.ru/Desktop/Final/target/classes started by walera.tenlist.ru in /Users/walera.tenlist.ru/Desktop/Final)
2025-08-08 00:58:41 - DEBUG [restartedMain] c.e.U.UtownApplication : Running with Spring Boot v3.5.0, Spring v6.2.7
2025-08-08 00:58:41 - INFO [restartedMain] c.e.U.UtownApplication : The following 1 profile is active: "local"
2025-08-08 00:58:41 - INFO [restartedMain] o.s.b.d.e.DevToolsPropertyDefaultsPostProcessor : Devtools property defaults active! Set 'spring.devtools.add-properties' to 'false' to disable
2025-08-08 00:58:41 - INFO [restartedMain] o.s.b.d.e.DevToolsPropertyDefaultsPostProcessor : For additional web related logging consider setting the 'logging.level.web' property to 'DEBUG'
2025-08-08 00:58:41 - INFO [restartedMain] o.s.d.r.c.RepositoryConfigurationDelegate : Bootstrapping Spring Data JPA repositories in DEFAULT mode.
2025-08-08 00:58:41 - INFO [restartedMain] o.s.d.r.c.RepositoryConfigurationDelegate : Finished Spring Data repository scanning in 52 ms. Found 20 JPA repository interfaces.
2025-08-08 00:58:42 - INFO [restartedMain] o.s.b.w.e.t.TomcatWebServer : Tomcat initialized with port 8080 (http)
2025-08-08 00:58:42 - INFO [restartedMain] o.a.c.c.StandardService : Starting service [Tomcat]
2025-08-08 00:58:42 - INFO [restartedMain] o.a.c.c.StandardEngine : Starting Servlet engine: [Apache Tomcat/10.1.41]
2025-08-08 00:58:42 - INFO [restartedMain] o.a.c.c.C.[.[.[/] : Initializing Spring embedded WebApplicationContext
2025-08-08 00:58:42 - INFO [restartedMain] o.s.b.w.s.c.ServletWebServerApplicationContext : Root WebApplicationContext: initialization completed in 984 ms
2025-08-08 00:58:42 - INFO [restartedMain] c.z.h.HikariDataSource : HikariPool-1 - Starting...
2025-08-08 00:58:42 - INFO [restartedMain] c.z.h.p.HikariPool : HikariPool-1 - Added connection com.mysql.cj.jdbc.ConnectionImpl@44e7481e
2025-08-08 00:58:42 - INFO [restartedMain] c.z.h.HikariDataSource : HikariPool-1 - Start completed.
2025-08-08 00:58:42 - INFO [restartedMain] o.f.c.FlywayExecutor : Database: jdbc:mysql://localhost:3306/Utown (MySQL 9.2)
2025-08-08 00:58:42 - WARN [restartedMain] o.f.c.i.d.b.Database : Flyway upgrade recommended: MySQL 9.2 is newer than this version of Flyway and support has not been tested. The latest supported version of MySQL is 8.1.
2025-08-08 00:58:42 - INFO [restartedMain] o.f.c.i.c.DbValidate : Successfully validated 2 migrations (execution time 00:00.020s)
2025-08-08 00:58:42 - INFO [restartedMain] o.f.c.i.c.DbMigrate : Current version of schema `utown`: 2
2025-08-08 00:58:42 - INFO [restartedMain] o.f.c.i.c.DbMigrate : Schema `utown` is up to date. No migration necessary.
2025-08-08 00:58:42 - INFO [restartedMain] o.h.j.i.u.LogHelper : HHH000204: Processing PersistenceUnitInfo [name: default]
2025-08-08 00:58:42 - INFO [restartedMain] o.h.Version : HHH000412: Hibernate ORM core version 6.6.15.Final
2025-08-08 00:58:42 - INFO [restartedMain] o.h.c.i.RegionFactoryInitiator : HHH000026: Second-level cache disabled
2025-08-08 00:58:42 - INFO [restartedMain] o.s.o.j.p.SpringPersistenceUnitInfo : No LoadTimeWeaver setup: ignoring JPA class transformer
2025-08-08 00:58:42 - INFO [restartedMain] o.h.o.c.pooling : HHH10001005: Database info:
	Database JDBC URL [Connecting through datasource 'HikariDataSource (HikariPool-1)']
	Database driver: undefined/unknown
	Database version: 9.2
	Autocommit mode: undefined/unknown
	Isolation level: undefined/unknown
	Minimum pool size: undefined/unknown
	Maximum pool size: undefined/unknown
2025-08-08 00:58:43 - INFO [restartedMain] o.h.e.t.j.p.i.JtaPlatformInitiator : HHH000489: No JTA platform available (set 'hibernate.transaction.jta.platform' to enable JTA platform integration)
2025-08-08 00:58:43 - INFO [restartedMain] o.s.o.j.LocalContainerEntityManagerFactoryBean : Initialized JPA EntityManagerFactory for persistence unit 'default'
2025-08-08 00:58:43 - DEBUG [restartedMain] o.s.w.s.r.ResourceUrlEncodingFilter : Filter 'resourceUrlEncodingFilter' configured for use
2025-08-08 00:58:43 - DEBUG [restartedMain] c.e.U.c.JWTAuthenticationFilter : Filter 'JWTAuthenticationFilter' configured for use
2025-08-08 00:58:44 - INFO [restartedMain] o.s.d.j.r.q.QueryEnhancerFactory : Hibernate is in classpath; If applicable, HQL parser will be used.
2025-08-08 00:58:45 - INFO [restartedMain] o.s.s.c.a.a.c.InitializeAuthenticationProviderBeanManagerConfigurer$InitializeAuthenticationProviderManagerConfigurer : Global AuthenticationManager configured with AuthenticationProvider bean with name authenticationProvider
2025-08-08 00:58:45 - WARN [restartedMain] o.s.s.c.a.a.c.InitializeUserDetailsBeanManagerConfigurer$InitializeUserDetailsManagerConfigurer : Global AuthenticationManager configured with an AuthenticationProvider bean. UserDetailsService beans will not be used by Spring Security for automatically configuring username/password login. Consider removing the AuthenticationProvider bean. Alternatively, consider using the UserDetailsService in a manually instantiated DaoAuthenticationProvider. If the current configuration is intentional, to turn off this warning, increase the logging level of 'org.springframework.security.config.annotation.authentication.configuration.InitializeUserDetailsBeanManagerConfigurer' to ERROR
2025-08-08 00:58:46 - WARN [restartedMain] o.s.b.a.o.j.JpaBaseConfiguration$JpaWebConfiguration : spring.jpa.open-in-view is enabled by default. Therefore, database queries may be performed during view rendering. Explicitly configure spring.jpa.open-in-view to disable this warning
2025-08-08 00:58:46 - DEBUG [restartedMain] o.s.w.s.s.s.WebSocketHandlerMapping : Patterns [/chat, /chat/**] in 'stompWebSocketHandlerMapping'
2025-08-08 00:58:46 - DEBUG [restartedMain] o.s.w.s.m.m.a.RequestMappingHandlerMapping : 92 mappings in 'requestMappingHandlerMapping'
2025-08-08 00:58:46 - DEBUG [restartedMain] o.s.w.s.h.SimpleUrlHandlerMapping : Patterns [/webjars/**, /**, /swagger-ui*/*swagger-initializer.js, /swagger-ui*/**] in 'resourceHandlerMapping'
2025-08-08 00:58:46 - DEBUG [restartedMain] o.s.w.s.m.WebSocketAnnotationMethodMessageHandler : 
	c.e.U.c.FileController:
	
2025-08-08 00:58:46 - DEBUG [restartedMain] o.s.w.s.m.WebSocketAnnotationMethodMessageHandler : 
	c.e.U.c.u.AdminController:
	
2025-08-08 00:58:46 - DEBUG [restartedMain] o.s.w.s.m.WebSocketAnnotationMethodMessageHandler : 
	c.e.U.c.u.ClientController:
	
2025-08-08 00:58:46 - DEBUG [restartedMain] o.s.w.s.m.WebSocketAnnotationMethodMessageHandler : 
	c.e.U.c.u.MainController:
	
2025-08-08 00:58:46 - DEBUG [restartedMain] o.s.w.s.m.WebSocketAnnotationMethodMessageHandler : 
	c.e.U.c.u.RestaurantAdminController:
	
2025-08-08 00:58:46 - DEBUG [restartedMain] o.s.w.s.m.WebSocketAnnotationMethodMessageHandler : 
	o.s.b.a.w.s.e.BasicErrorController:
	
2025-08-08 00:58:46 - DEBUG [restartedMain] o.s.w.s.m.WebSocketAnnotationMethodMessageHandler : 
	o.s.w.a.OpenApiWebMvcResource:
	
2025-08-08 00:58:46 - DEBUG [restartedMain] o.s.w.s.m.WebSocketAnnotationMethodMessageHandler : 
	o.s.w.u.SwaggerWelcomeWebMvc:
	
2025-08-08 00:58:46 - DEBUG [restartedMain] o.s.w.s.m.WebSocketAnnotationMethodMessageHandler : 
	o.s.w.u.SwaggerConfigResource:
	
2025-08-08 00:58:46 - DEBUG [restartedMain] o.s.w.s.m.m.a.RequestMappingHandlerAdapter : ControllerAdvice beans: 0 @ModelAttribute, 0 @InitBinder, 1 RequestBodyAdvice, 1 ResponseBodyAdvice
2025-08-08 00:58:46 - WARN [restartedMain] o.s.b.a.t.ThymeleafAutoConfiguration$DefaultTemplateResolverConfiguration : Cannot find template location: classpath:/templates/ (please add some templates, check your Thymeleaf configuration, or set spring.thymeleaf.check-template-location=false)
2025-08-08 00:58:46 - DEBUG [restartedMain] o.s.w.s.m.m.a.ExceptionHandlerExceptionResolver : ControllerAdvice beans: 2 @ExceptionHandler, 1 ResponseBodyAdvice
2025-08-08 00:58:46 - INFO [restartedMain] o.s.b.d.a.OptionalLiveReloadServer : LiveReload server is running on port 35729
2025-08-08 00:58:46 - DEBUG [restartedMain] o.s.w.SimpLogging : clientInboundChannel added WebSocketAnnotationMethodMessageHandler[prefixes=[/app/]]
2025-08-08 00:58:46 - INFO [restartedMain] o.s.m.s.b.SimpleBrokerMessageHandler : Starting...
2025-08-08 00:58:46 - DEBUG [restartedMain] o.s.w.SimpLogging : clientInboundChannel added SimpleBrokerMessageHandler [org.springframework.messaging.simp.broker.DefaultSubscriptionRegistry@5bbd79c2]
2025-08-08 00:58:46 - DEBUG [restartedMain] o.s.w.SimpLogging : brokerChannel added SimpleBrokerMessageHandler [org.springframework.messaging.simp.broker.DefaultSubscriptionRegistry@5bbd79c2]
2025-08-08 00:58:46 - INFO [restartedMain] o.s.m.s.b.SimpleBrokerMessageHandler : BrokerAvailabilityEvent[available=true, SimpleBrokerMessageHandler [org.springframework.messaging.simp.broker.DefaultSubscriptionRegistry@5bbd79c2]]
2025-08-08 00:58:46 - INFO [restartedMain] o.s.m.s.b.SimpleBrokerMessageHandler : Started.
2025-08-08 00:58:46 - DEBUG [restartedMain] o.s.w.SimpLogging : clientInboundChannel added UserDestinationMessageHandler[DefaultUserDestinationResolver[prefix=/user/]]
2025-08-08 00:58:46 - DEBUG [restartedMain] o.s.w.SimpLogging : brokerChannel added UserDestinationMessageHandler[DefaultUserDestinationResolver[prefix=/user/]]
2025-08-08 00:58:46 - INFO [restartedMain] o.s.b.w.e.t.TomcatWebServer : Tomcat started on port 8080 (http) with context path '/'
2025-08-08 00:58:46 - DEBUG [restartedMain] o.s.w.SimpLogging : clientOutboundChannel added SubProtocolWebSocketHandler[StompSubProtocolHandler[v10.stomp, v11.stomp, v12.stomp]]
2025-08-08 00:58:46 - INFO [restartedMain] c.e.U.UtownApplication : Started UtownApplication in 5.656 seconds (process running for 6.528)
2025-08-08 00:58:46 - DEBUG [restartedMain] o.h.SQL : select dc1_0.id,dc1_0.created_at,dc1_0.file_id,dc1_0.is_active,dc1_0.name,dc1_0.restaurant_id,dc1_0.sort,dc1_0.updated_at from dish_category dc1_0 where dc1_0.name=?
2025-08-08 00:58:58 - DEBUG [SpringApplicationShutdownHook] o.s.w.SimpLogging : clientOutboundChannel removed SubProtocolWebSocketHandler[StompSubProtocolHandler[v10.stomp, v11.stomp, v12.stomp]]
2025-08-08 00:58:58 - INFO [SpringApplicationShutdownHook] o.s.b.w.e.t.GracefulShutdown : Commencing graceful shutdown. Waiting for active requests to complete
2025-08-08 00:58:58 - INFO [tomcat-shutdown] o.s.b.w.e.t.GracefulShutdown : Graceful shutdown complete
2025-08-08 00:58:58 - DEBUG [SpringApplicationShutdownHook] o.s.w.SimpLogging : clientInboundChannel removed WebSocketAnnotationMethodMessageHandler[prefixes=[/app/]]
2025-08-08 00:58:58 - INFO [SpringApplicationShutdownHook] o.s.m.s.b.SimpleBrokerMessageHandler : Stopping...
2025-08-08 00:58:58 - INFO [SpringApplicationShutdownHook] o.s.m.s.b.SimpleBrokerMessageHandler : BrokerAvailabilityEvent[available=false, SimpleBrokerMessageHandler [org.springframework.messaging.simp.broker.DefaultSubscriptionRegistry@5bbd79c2]]
2025-08-08 00:58:58 - DEBUG [SpringApplicationShutdownHook] o.s.w.SimpLogging : clientInboundChannel removed SimpleBrokerMessageHandler [org.springframework.messaging.simp.broker.DefaultSubscriptionRegistry@5bbd79c2]
2025-08-08 00:58:58 - DEBUG [SpringApplicationShutdownHook] o.s.w.SimpLogging : brokerChannel removed SimpleBrokerMessageHandler [org.springframework.messaging.simp.broker.DefaultSubscriptionRegistry@5bbd79c2]
2025-08-08 00:58:58 - INFO [SpringApplicationShutdownHook] o.s.m.s.b.SimpleBrokerMessageHandler : Stopped.
2025-08-08 00:58:58 - DEBUG [SpringApplicationShutdownHook] o.s.w.SimpLogging : clientInboundChannel removed UserDestinationMessageHandler[DefaultUserDestinationResolver[prefix=/user/]]
2025-08-08 00:58:58 - DEBUG [SpringApplicationShutdownHook] o.s.w.SimpLogging : brokerChannel removed UserDestinationMessageHandler[DefaultUserDestinationResolver[prefix=/user/]]
2025-08-08 00:58:58 - INFO [SpringApplicationShutdownHook] o.s.o.j.LocalContainerEntityManagerFactoryBean : Closing JPA EntityManagerFactory for persistence unit 'default'
2025-08-08 00:58:58 - INFO [SpringApplicationShutdownHook] c.z.h.HikariDataSource : HikariPool-1 - Shutdown initiated...
2025-08-08 00:58:58 - INFO [SpringApplicationShutdownHook] c.z.h.HikariDataSource : HikariPool-1 - Shutdown completed.
