2025-08-09 01:14:51 - INFO [restartedMain] c.e.U.UtownApplication : Starting UtownApplication using Java 23.0.1 with PID 25558 (/Users/walera.tenlist.ru/Desktop/Final/target/classes started by walera.tenlist.ru in /Users/walera.tenlist.ru/Desktop/Final)
2025-08-09 01:14:51 - DEBUG [restartedMain] c.e.U.UtownApplication : Running with Spring Boot v3.5.0, Spring v6.2.7
2025-08-09 01:14:51 - INFO [restartedMain] c.e.U.UtownApplication : The following 1 profile is active: "local"
2025-08-09 01:14:51 - INFO [restartedMain] o.s.b.d.r.ChangeableUrls : The Class-Path manifest attribute in /Users/walera.tenlist.ru/.m2/repository/io/github/cdimascio/java-dotenv/5.2.2/java-dotenv-5.2.2.jar referenced one or more files that do not exist: file:/Users/walera.tenlist.ru/.m2/repository/io/github/cdimascio/java-dotenv/5.2.2/kotlin-stdlib-1.4.0.jar,file:/Users/walera.tenlist.ru/.m2/repository/io/github/cdimascio/java-dotenv/5.2.2/kotlin-stdlib-common-1.4.0.jar,file:/Users/walera.tenlist.ru/.m2/repository/io/github/cdimascio/java-dotenv/5.2.2/annotations-13.0.jar
2025-08-09 01:14:51 - INFO [restartedMain] o.s.b.d.e.DevToolsPropertyDefaultsPostProcessor : Devtools property defaults active! Set 'spring.devtools.add-properties' to 'false' to disable
2025-08-09 01:14:51 - INFO [restartedMain] o.s.b.d.e.DevToolsPropertyDefaultsPostProcessor : For additional web related logging consider setting the 'logging.level.web' property to 'DEBUG'
2025-08-09 01:14:52 - INFO [restartedMain] o.s.d.r.c.RepositoryConfigurationDelegate : Bootstrapping Spring Data JPA repositories in DEFAULT mode.
2025-08-09 01:14:52 - INFO [restartedMain] o.s.d.r.c.RepositoryConfigurationDelegate : Finished Spring Data repository scanning in 53 ms. Found 20 JPA repository interfaces.
2025-08-09 01:14:52 - INFO [restartedMain] o.s.b.w.e.t.TomcatWebServer : Tomcat initialized with port 8080 (http)
2025-08-09 01:14:52 - INFO [restartedMain] o.a.c.c.StandardService : Starting service [Tomcat]
2025-08-09 01:14:52 - INFO [restartedMain] o.a.c.c.StandardEngine : Starting Servlet engine: [Apache Tomcat/10.1.41]
2025-08-09 01:14:52 - INFO [restartedMain] o.a.c.c.C.[.[.[/] : Initializing Spring embedded WebApplicationContext
2025-08-09 01:14:52 - INFO [restartedMain] o.s.b.w.s.c.ServletWebServerApplicationContext : Root WebApplicationContext: initialization completed in 1008 ms
2025-08-09 01:14:53 - INFO [restartedMain] c.z.h.HikariDataSource : HikariPool-1 - Starting...
2025-08-09 01:14:53 - INFO [restartedMain] c.z.h.p.HikariPool : HikariPool-1 - Added connection com.mysql.cj.jdbc.ConnectionImpl@435cd3bd
2025-08-09 01:14:53 - INFO [restartedMain] c.z.h.HikariDataSource : HikariPool-1 - Start completed.
2025-08-09 01:14:53 - INFO [restartedMain] o.f.c.FlywayExecutor : Database: jdbc:mysql://localhost:3306/Utown (MySQL 9.2)
2025-08-09 01:14:53 - WARN [restartedMain] o.f.c.i.d.b.Database : Flyway upgrade recommended: MySQL 9.2 is newer than this version of Flyway and support has not been tested. The latest supported version of MySQL is 8.1.
2025-08-09 01:14:53 - INFO [restartedMain] o.f.c.i.c.DbValidate : Successfully validated 4 migrations (execution time 00:00.025s)
2025-08-09 01:14:53 - INFO [restartedMain] o.f.c.i.c.DbMigrate : Current version of schema `utown`: 4
2025-08-09 01:14:53 - INFO [restartedMain] o.f.c.i.c.DbMigrate : Schema `utown` is up to date. No migration necessary.
2025-08-09 01:14:53 - INFO [restartedMain] o.h.j.i.u.LogHelper : HHH000204: Processing PersistenceUnitInfo [name: default]
2025-08-09 01:14:53 - INFO [restartedMain] o.h.Version : HHH000412: Hibernate ORM core version 6.6.15.Final
2025-08-09 01:14:53 - INFO [restartedMain] o.h.c.i.RegionFactoryInitiator : HHH000026: Second-level cache disabled
2025-08-09 01:14:53 - INFO [restartedMain] o.s.o.j.p.SpringPersistenceUnitInfo : No LoadTimeWeaver setup: ignoring JPA class transformer
2025-08-09 01:14:53 - INFO [restartedMain] o.h.o.c.pooling : HHH10001005: Database info:
	Database JDBC URL [Connecting through datasource 'HikariDataSource (HikariPool-1)']
	Database driver: undefined/unknown
	Database version: 9.2
	Autocommit mode: undefined/unknown
	Isolation level: undefined/unknown
	Minimum pool size: undefined/unknown
	Maximum pool size: undefined/unknown
2025-08-09 01:14:54 - INFO [restartedMain] o.h.e.t.j.p.i.JtaPlatformInitiator : HHH000489: No JTA platform available (set 'hibernate.transaction.jta.platform' to enable JTA platform integration)
2025-08-09 01:14:54 - INFO [restartedMain] o.s.o.j.LocalContainerEntityManagerFactoryBean : Initialized JPA EntityManagerFactory for persistence unit 'default'
2025-08-09 01:14:54 - DEBUG [restartedMain] o.s.w.s.r.ResourceUrlEncodingFilter : Filter 'resourceUrlEncodingFilter' configured for use
2025-08-09 01:14:54 - DEBUG [restartedMain] c.e.U.c.JWTAuthenticationFilter : Filter 'JWTAuthenticationFilter' configured for use
2025-08-09 01:14:55 - INFO [restartedMain] o.s.d.j.r.q.QueryEnhancerFactory : Hibernate is in classpath; If applicable, HQL parser will be used.
2025-08-09 01:14:56 - INFO [restartedMain] o.s.s.c.a.a.c.InitializeAuthenticationProviderBeanManagerConfigurer$InitializeAuthenticationProviderManagerConfigurer : Global AuthenticationManager configured with AuthenticationProvider bean with name authenticationProvider
2025-08-09 01:14:56 - WARN [restartedMain] o.s.s.c.a.a.c.InitializeUserDetailsBeanManagerConfigurer$InitializeUserDetailsManagerConfigurer : Global AuthenticationManager configured with an AuthenticationProvider bean. UserDetailsService beans will not be used by Spring Security for automatically configuring username/password login. Consider removing the AuthenticationProvider bean. Alternatively, consider using the UserDetailsService in a manually instantiated DaoAuthenticationProvider. If the current configuration is intentional, to turn off this warning, increase the logging level of 'org.springframework.security.config.annotation.authentication.configuration.InitializeUserDetailsBeanManagerConfigurer' to ERROR
2025-08-09 01:14:57 - WARN [restartedMain] o.s.b.a.o.j.JpaBaseConfiguration$JpaWebConfiguration : spring.jpa.open-in-view is enabled by default. Therefore, database queries may be performed during view rendering. Explicitly configure spring.jpa.open-in-view to disable this warning
2025-08-09 01:14:57 - DEBUG [restartedMain] o.s.w.s.s.s.WebSocketHandlerMapping : Patterns [/chat, /chat/**] in 'stompWebSocketHandlerMapping'
2025-08-09 01:14:57 - DEBUG [restartedMain] o.s.w.s.m.m.a.RequestMappingHandlerMapping : 93 mappings in 'requestMappingHandlerMapping'
2025-08-09 01:14:57 - DEBUG [restartedMain] o.s.w.s.h.SimpleUrlHandlerMapping : Patterns [/webjars/**, /**, /swagger-ui*/*swagger-initializer.js, /swagger-ui*/**] in 'resourceHandlerMapping'
2025-08-09 01:14:57 - DEBUG [restartedMain] o.s.w.s.m.WebSocketAnnotationMethodMessageHandler : 
	c.e.U.c.FileController:
	
2025-08-09 01:14:57 - DEBUG [restartedMain] o.s.w.s.m.WebSocketAnnotationMethodMessageHandler : 
	c.e.U.c.u.AdminController:
	
2025-08-09 01:14:57 - DEBUG [restartedMain] o.s.w.s.m.WebSocketAnnotationMethodMessageHandler : 
	c.e.U.c.u.ClientController:
	
2025-08-09 01:14:57 - DEBUG [restartedMain] o.s.w.s.m.WebSocketAnnotationMethodMessageHandler : 
	c.e.U.c.u.MainController:
	
2025-08-09 01:14:57 - DEBUG [restartedMain] o.s.w.s.m.WebSocketAnnotationMethodMessageHandler : 
	c.e.U.c.u.RestaurantAdminController:
	
2025-08-09 01:14:57 - DEBUG [restartedMain] o.s.w.s.m.WebSocketAnnotationMethodMessageHandler : 
	o.s.b.a.w.s.e.BasicErrorController:
	
2025-08-09 01:14:57 - DEBUG [restartedMain] o.s.w.s.m.WebSocketAnnotationMethodMessageHandler : 
	o.s.w.a.OpenApiWebMvcResource:
	
2025-08-09 01:14:57 - DEBUG [restartedMain] o.s.w.s.m.WebSocketAnnotationMethodMessageHandler : 
	o.s.w.u.SwaggerWelcomeWebMvc:
	
2025-08-09 01:14:57 - DEBUG [restartedMain] o.s.w.s.m.WebSocketAnnotationMethodMessageHandler : 
	o.s.w.u.SwaggerConfigResource:
	
2025-08-09 01:14:57 - DEBUG [restartedMain] o.s.w.s.m.m.a.RequestMappingHandlerAdapter : ControllerAdvice beans: 0 @ModelAttribute, 0 @InitBinder, 1 RequestBodyAdvice, 1 ResponseBodyAdvice
2025-08-09 01:14:57 - WARN [restartedMain] o.s.b.a.t.ThymeleafAutoConfiguration$DefaultTemplateResolverConfiguration : Cannot find template location: classpath:/templates/ (please add some templates, check your Thymeleaf configuration, or set spring.thymeleaf.check-template-location=false)
2025-08-09 01:14:57 - DEBUG [restartedMain] o.s.w.s.m.m.a.ExceptionHandlerExceptionResolver : ControllerAdvice beans: 2 @ExceptionHandler, 1 ResponseBodyAdvice
2025-08-09 01:14:57 - INFO [restartedMain] o.s.b.d.a.OptionalLiveReloadServer : LiveReload server is running on port 35729
2025-08-09 01:14:57 - DEBUG [restartedMain] o.s.w.SimpLogging : clientInboundChannel added WebSocketAnnotationMethodMessageHandler[prefixes=[/app/]]
2025-08-09 01:14:57 - INFO [restartedMain] o.s.m.s.b.SimpleBrokerMessageHandler : Starting...
2025-08-09 01:14:57 - DEBUG [restartedMain] o.s.w.SimpLogging : clientInboundChannel added SimpleBrokerMessageHandler [org.springframework.messaging.simp.broker.DefaultSubscriptionRegistry@3eb633cd]
2025-08-09 01:14:57 - DEBUG [restartedMain] o.s.w.SimpLogging : brokerChannel added SimpleBrokerMessageHandler [org.springframework.messaging.simp.broker.DefaultSubscriptionRegistry@3eb633cd]
2025-08-09 01:14:57 - INFO [restartedMain] o.s.m.s.b.SimpleBrokerMessageHandler : BrokerAvailabilityEvent[available=true, SimpleBrokerMessageHandler [org.springframework.messaging.simp.broker.DefaultSubscriptionRegistry@3eb633cd]]
2025-08-09 01:14:57 - INFO [restartedMain] o.s.m.s.b.SimpleBrokerMessageHandler : Started.
2025-08-09 01:14:57 - DEBUG [restartedMain] o.s.w.SimpLogging : clientInboundChannel added UserDestinationMessageHandler[DefaultUserDestinationResolver[prefix=/user/]]
2025-08-09 01:14:57 - DEBUG [restartedMain] o.s.w.SimpLogging : brokerChannel added UserDestinationMessageHandler[DefaultUserDestinationResolver[prefix=/user/]]
2025-08-09 01:14:57 - INFO [restartedMain] o.s.b.w.e.t.TomcatWebServer : Tomcat started on port 8080 (http) with context path '/'
2025-08-09 01:14:57 - DEBUG [restartedMain] o.s.w.SimpLogging : clientOutboundChannel added SubProtocolWebSocketHandler[StompSubProtocolHandler[v10.stomp, v11.stomp, v12.stomp]]
2025-08-09 01:14:57 - INFO [restartedMain] c.e.U.UtownApplication : Started UtownApplication in 5.872 seconds (process running for 6.456)
2025-08-09 01:14:57 - DEBUG [restartedMain] o.h.SQL : select dc1_0.id,dc1_0.created_at,dc1_0.file_id,dc1_0.is_active,dc1_0.name,dc1_0.restaurant_id,dc1_0.sort,dc1_0.updated_at from dish_category dc1_0 where dc1_0.name=?
2025-08-09 01:15:00 - DEBUG [SpringApplicationShutdownHook] o.s.w.SimpLogging : clientOutboundChannel removed SubProtocolWebSocketHandler[StompSubProtocolHandler[v10.stomp, v11.stomp, v12.stomp]]
2025-08-09 01:15:00 - INFO [SpringApplicationShutdownHook] o.s.b.w.e.t.GracefulShutdown : Commencing graceful shutdown. Waiting for active requests to complete
2025-08-09 01:15:00 - INFO [tomcat-shutdown] o.s.b.w.e.t.GracefulShutdown : Graceful shutdown complete
2025-08-09 01:15:00 - DEBUG [SpringApplicationShutdownHook] o.s.w.SimpLogging : clientInboundChannel removed WebSocketAnnotationMethodMessageHandler[prefixes=[/app/]]
2025-08-09 01:15:00 - INFO [SpringApplicationShutdownHook] o.s.m.s.b.SimpleBrokerMessageHandler : Stopping...
2025-08-09 01:15:00 - INFO [SpringApplicationShutdownHook] o.s.m.s.b.SimpleBrokerMessageHandler : BrokerAvailabilityEvent[available=false, SimpleBrokerMessageHandler [org.springframework.messaging.simp.broker.DefaultSubscriptionRegistry@3eb633cd]]
2025-08-09 01:15:00 - DEBUG [SpringApplicationShutdownHook] o.s.w.SimpLogging : clientInboundChannel removed SimpleBrokerMessageHandler [org.springframework.messaging.simp.broker.DefaultSubscriptionRegistry@3eb633cd]
2025-08-09 01:15:00 - DEBUG [SpringApplicationShutdownHook] o.s.w.SimpLogging : brokerChannel removed SimpleBrokerMessageHandler [org.springframework.messaging.simp.broker.DefaultSubscriptionRegistry@3eb633cd]
2025-08-09 01:15:00 - INFO [SpringApplicationShutdownHook] o.s.m.s.b.SimpleBrokerMessageHandler : Stopped.
2025-08-09 01:15:00 - DEBUG [SpringApplicationShutdownHook] o.s.w.SimpLogging : clientInboundChannel removed UserDestinationMessageHandler[DefaultUserDestinationResolver[prefix=/user/]]
2025-08-09 01:15:00 - DEBUG [SpringApplicationShutdownHook] o.s.w.SimpLogging : brokerChannel removed UserDestinationMessageHandler[DefaultUserDestinationResolver[prefix=/user/]]
2025-08-09 01:15:00 - INFO [SpringApplicationShutdownHook] o.s.o.j.LocalContainerEntityManagerFactoryBean : Closing JPA EntityManagerFactory for persistence unit 'default'
2025-08-09 01:15:00 - INFO [SpringApplicationShutdownHook] c.z.h.HikariDataSource : HikariPool-1 - Shutdown initiated...
2025-08-09 01:15:00 - INFO [SpringApplicationShutdownHook] c.z.h.HikariDataSource : HikariPool-1 - Shutdown completed.
